  Determining projects to restore...
  All projects are up-to-date for restore.
E:\StoreSimulatorGUI\App.axaml : Avalonia error AVLN:0002: Duplicate x:Class directive, StoreSimulatorGUI.App is already used in /App.axaml [E:\StoreSimulatorGUI\StoreSimulatorGUI.fsproj]

Build FAILED.

E:\StoreSimulatorGUI\App.axaml : Avalonia error AVLN:0002: Duplicate x:Class directive, StoreSimulatorGUI.App is already used in /App.axaml [E:\StoreSimulatorGUI\StoreSimulatorGUI.fsproj]
    0 Warning(s)
    1 Error(s)

Time Elapsed 00:00:01.10
